// Jest Snapshot v1, https://goo.gl/fbAQLP

exports[`Componente Contador.vue Validaci√≥n de match con el snapshot 1`] = `<h1>Contact</h1>`;
